sllink-0.13.6 alpha
Map File - Created 11-29-2025  11:38:55
 
                                 Section Info
                  Section       Type    Address   Location Size(Bytes)
                ---------  ---------  ---------  ---------  ---------
                  STARTUP    UNKNOWN   00000000    program   0x000002
    S_INIT__file_tc0_Init    UNKNOWN   0x000001    program   0x00000c
                   .org_8    UNKNOWN   0x000008    program   0x00006a
      S_BAT__sw_adcBatVal    UNKNOWN   0x00003d    program   0x000234
      S_ADC__ADC_GetValue    UNKNOWN   0x000157    program   0x000196
                 ID_BAT_0    UNKNOWN   0x000222    program   0x000196
          S_SMG__SMG_Scan    UNKNOWN   0x0002ed    program   0x00018a
             S_MAIN__main    UNKNOWN   0x0003b2    program   0x0000b8
       S_MODE__Mode_Check    UNKNOWN   0x00040e    program   0x00007c
       S_SMG__SMG_Display    UNKNOWN   0x00044c    program   0x00005a
      S_SLEEP__sleep_scan    UNKNOWN   0x000479    program   0x000058
        S_INIT__file_init    UNKNOWN   0x0004a5    program   0x000032
     S__mulchar___mulchar    UNKNOWN   0x0004be    program   0x000032
                   .cinit    UNKNOWN   0x0004d7    program   0x00001c
                 ID_SMG_1    UNKNOWN   0x0004e5    program   0x000018
      S_INIT__file_clrRam    UNKNOWN   0x0004f1    program   0x000016
               ID_SMG_0_i    UNKNOWN   0x0004fc    program   0x000004
             ID_SLEEP_0_i    UNKNOWN   0x0004fe    program   0x000004
             UD_abs_ISR_0    romdata   00000000       data   0x000001
             UD_abs_ISR_1    romdata   0x000001       data   0x000001
                UDL_ADC_0    romdata   0x000002       data   0x00000f
                UDL_SMG_0    romdata   0x000011       data   0x000006
                UDL_BAT_0    romdata   0x000017       data   0x000006
               UDL_MAIN_0    romdata   0x00001d       data   0x000002
                UD_MAIN_0    romdata   0x00001f       data   0x000001
                sharebank    romdata   0x000020       data   0x000007
           UDL__mulchar_0    romdata   0x000027       data   0x000005
                 ID_SMG_0    romdata   0x00002c       data   0x000002
                UDL_ISR_0    romdata   0x00002e       data   0x000002
                 UD_ADC_0    romdata   0x000030       data   0x000002
                 UD_BAT_1    romdata   0x000032       data   0x000002
                 UD_BAT_4    romdata   0x000034       data   0x000002
                 UD_BAT_8    romdata   0x000036       data   0x000002
                 UD_BAT_9    romdata   0x000038       data   0x000002
                UD_BAT_10    romdata   0x00003a       data   0x000002
               ID_SLEEP_0    romdata   0x00003c       data   0x000002
                UD_MAIN_1    romdata   0x00003e       data   0x000001
                UD_MAIN_2    romdata   0x00003f       data   0x000001
                UD_MAIN_3    romdata   0x000040       data   0x000001
                 UD_SMG_0    romdata   0x000041       data   0x000001
                 UD_SMG_1    romdata   0x000042       data   0x000001
                 UD_SMG_2    romdata   0x000043       data   0x000001
                 UD_SMG_3    romdata   0x000044       data   0x000001
                 UD_ISR_0    romdata   0x000045       data   0x000001
                 UD_ISR_1    romdata   0x000046       data   0x000001
                 UD_BAT_0    romdata   0x000047       data   0x000001
                 UD_BAT_2    romdata   0x000048       data   0x000001
                 UD_BAT_3    romdata   0x000049       data   0x000001
                 UD_BAT_5    romdata   0x00004a       data   0x000001
                 UD_BAT_6    romdata   0x00004b       data   0x000001
                 UD_BAT_7    romdata   0x00004c       data   0x000001
                UD_MODE_0    romdata   0x00004d       data   0x000001
                UD_MODE_1    romdata   0x00004e       data   0x000001
                UD_MODE_2    romdata   0x00004f       data   0x000001
                UD_MODE_3    romdata   0x000050       data   0x000001
                UD_MODE_4    romdata   0x000051       data   0x000001
               UDL_MODE_0    romdata   0x000052       data   0x000001
      UD_abs_jz8p2615_180    romdata   0x000180       data   0x000001
      UD_abs_jz8p2615_181    romdata   0x000181       data   0x000001
      UD_abs_jz8p2615_182    romdata   0x000182       data   0x000001
      UD_abs_jz8p2615_183    romdata   0x000183       data   0x000001
      UD_abs_jz8p2615_184    romdata   0x000184       data   0x000001
      UD_abs_jz8p2615_185    romdata   0x000185       data   0x000001
      UD_abs_jz8p2615_186    romdata   0x000186       data   0x000001
      UD_abs_jz8p2615_187    romdata   0x000187       data   0x000001
      UD_abs_jz8p2615_188    romdata   0x000188       data   0x000001
      UD_abs_jz8p2615_189    romdata   0x000189       data   0x000001
      UD_abs_jz8p2615_18a    romdata   0x00018a       data   0x000001
      UD_abs_jz8p2615_18b    romdata   0x00018b       data   0x000001
      UD_abs_jz8p2615_18d    romdata   0x00018d       data   0x000001
      UD_abs_jz8p2615_18e    romdata   0x00018e       data   0x000001
      UD_abs_jz8p2615_190    romdata   0x000190       data   0x000001
      UD_abs_jz8p2615_191    romdata   0x000191       data   0x000001
      UD_abs_jz8p2615_193    romdata   0x000193       data   0x000001
      UD_abs_jz8p2615_194    romdata   0x000194       data   0x000001
      UD_abs_jz8p2615_199    romdata   0x000199       data   0x000001
      UD_abs_jz8p2615_19a    romdata   0x00019a       data   0x000001
      UD_abs_jz8p2615_19c    romdata   0x00019c       data   0x000001
      UD_abs_jz8p2615_19d    romdata   0x00019d       data   0x000001
      UD_abs_jz8p2615_1a0    romdata   0x0001a0       data   0x000001
      UD_abs_jz8p2615_1a1    romdata   0x0001a1       data   0x000001
      UD_abs_jz8p2615_1a3    romdata   0x0001a3       data   0x000001
      UD_abs_jz8p2615_1a4    romdata   0x0001a4       data   0x000001
      UD_abs_jz8p2615_1a5    romdata   0x0001a5       data   0x000001
      UD_abs_jz8p2615_1a6    romdata   0x0001a6       data   0x000001
      UD_abs_jz8p2615_1a7    romdata   0x0001a7       data   0x000001
      UD_abs_jz8p2615_1af    romdata   0x0001af       data   0x000001
      UD_abs_jz8p2615_1b0    romdata   0x0001b0       data   0x000001
      UD_abs_jz8p2615_1b1    romdata   0x0001b1       data   0x000001
      UD_abs_jz8p2615_1b2    romdata   0x0001b2       data   0x000001
      UD_abs_jz8p2615_1b3    romdata   0x0001b3       data   0x000001
      UD_abs_jz8p2615_1b4    romdata   0x0001b4       data   0x000001
      UD_abs_jz8p2615_1b5    romdata   0x0001b5       data   0x000001
      UD_abs_jz8p2615_1b6    romdata   0x0001b6       data   0x000001
      UD_abs_jz8p2615_1b7    romdata   0x0001b7       data   0x000001
      UD_abs_jz8p2615_1b8    romdata   0x0001b8       data   0x000001
      UD_abs_jz8p2615_1b9    romdata   0x0001b9       data   0x000001
      UD_abs_jz8p2615_1ba    romdata   0x0001ba       data   0x000001
      UD_abs_jz8p2615_1bb    romdata   0x0001bb       data   0x000001
      UD_abs_jz8p2615_1bc    romdata   0x0001bc       data   0x000001
      UD_abs_jz8p2615_1bd    romdata   0x0001bd       data   0x000001
      UD_abs_jz8p2615_1be    romdata   0x0001be       data   0x000001
      UD_abs_jz8p2615_1bf    romdata   0x0001bf       data   0x000001
      UD_abs_jz8p2615_1c6    romdata   0x0001c6       data   0x000001
      UD_abs_jz8p2615_1c7    romdata   0x0001c7       data   0x000001
      UD_abs_jz8p2615_1c8    romdata   0x0001c8       data   0x000001
      UD_abs_jz8p2615_1c9    romdata   0x0001c9       data   0x000001
      UD_abs_jz8p2615_1ca    romdata   0x0001ca       data   0x000001
      UD_abs_jz8p2615_1d6    romdata   0x0001d6       data   0x000001
      UD_abs_jz8p2615_1d7    romdata   0x0001d7       data   0x000001
      UD_abs_jz8p2615_1da    romdata   0x0001da       data   0x000001
      UD_abs_jz8p2615_1db    romdata   0x0001db       data   0x000001
      UD_abs_jz8p2615_1ff    romdata   0x0001ff       data   0x000001
 
                              Program Memory Usage
                               Start         End
                           ---------   ---------
                            00000000    00000000
                            0x0003b2    0x00040d
                            0x0004fc    0x0004fd
                            0x0004e5    0x0004f0
                            0x0002ed    0x0003b1
                            0x00044c    0x000478
                            0x000008    0x00003c
                            0x000157    0x000221
                            0x000222    0x0002ec
                            0x00003d    0x000156
                            0x000001    0x000006
                            0x0004a5    0x0004bd
                            0x0004f1    0x0004fb
                            0x00040e    0x00044b
                            0x0004fe    0x0004ff
                            0x000479    0x0004a4
                            0x0004be    0x0004d6
                            0x0004d7    0x0004e4
 
                            1279 program addresses used
 
                              Symbols
                     Name    Address   Location    Storage File
                ---------  ---------  ---------  --------- ---------
                    STK06   0x000020       data     extern C:\Users\Administrator\Desktop\188-prj\2\obj\MAIN.asm
                    STK05   0x000021       data     extern C:\Users\Administrator\Desktop\188-prj\2\obj\MAIN.asm
                    STK04   0x000022       data     extern C:\Users\Administrator\Desktop\188-prj\2\obj\MAIN.asm
                    STK03   0x000023       data     extern C:\Users\Administrator\Desktop\188-prj\2\obj\MAIN.asm
                    STK02   0x000024       data     extern C:\Users\Administrator\Desktop\188-prj\2\obj\MAIN.asm
                    STK01   0x000025       data     extern C:\Users\Administrator\Desktop\188-prj\2\obj\MAIN.asm
                    STK00   0x000026       data     extern C:\Users\Administrator\Desktop\188-prj\2\obj\MAIN.asm
                _U_Flage1   0x00001f       data     extern C:\Users\Administrator\Desktop\188-prj\2\obj\MAIN.asm
             _r_g_workMod   0x00003e       data     extern C:\Users\Administrator\Desktop\188-prj\2\obj\MAIN.asm
            _led_turn_cnt   0x00003f       data     extern C:\Users\Administrator\Desktop\188-prj\2\obj\MAIN.asm
                _led_turn   0x000040       data     extern C:\Users\Administrator\Desktop\188-prj\2\obj\MAIN.asm
                  r0x1005   0x00001d       data     static C:\Users\Administrator\Desktop\188-prj\2\obj\MAIN.asm
                  r0x1006   0x00001e       data     static C:\Users\Administrator\Desktop\188-prj\2\obj\MAIN.asm
                    _main   0x0003b2    program     extern C:\Users\Administrator\Desktop\188-prj\2\obj\MAIN.asm
               _00125_DS_   0x0003ba    program     static C:\Users\Administrator\Desktop\188-prj\2\obj\MAIN.asm
               _00116_DS_   0x0003d3    program     static C:\Users\Administrator\Desktop\188-prj\2\obj\MAIN.asm
               _00106_DS_   0x0003e9    program     static C:\Users\Administrator\Desktop\188-prj\2\obj\MAIN.asm
               _00111_DS_   0x0003f2    program     static C:\Users\Administrator\Desktop\188-prj\2\obj\MAIN.asm
               _00108_DS_   0x000400    program     static C:\Users\Administrator\Desktop\188-prj\2\obj\MAIN.asm
               _00121_DS_   0x000401    program     static C:\Users\Administrator\Desktop\188-prj\2\obj\MAIN.asm
               _Flag_Led1   0x000041       data     extern C:\Users\Administrator\Desktop\188-prj\2\obj\SMG.asm
               _Flag_Led2   0x000042       data     extern C:\Users\Administrator\Desktop\188-prj\2\obj\SMG.asm
               _Flag_Led3   0x000043       data     extern C:\Users\Administrator\Desktop\188-prj\2\obj\SMG.asm
               _Flag_Led4   0x000044       data     extern C:\Users\Administrator\Desktop\188-prj\2\obj\SMG.asm
                  r0x1005   0x000011       data     static C:\Users\Administrator\Desktop\188-prj\2\obj\SMG.asm
                  r0x1006   0x000012       data     static C:\Users\Administrator\Desktop\188-prj\2\obj\SMG.asm
                  r0x1007   0x000013       data     static C:\Users\Administrator\Desktop\188-prj\2\obj\SMG.asm
                  r0x1008   0x000014       data     static C:\Users\Administrator\Desktop\188-prj\2\obj\SMG.asm
                  r0x1009   0x000015       data     static C:\Users\Administrator\Desktop\188-prj\2\obj\SMG.asm
                  r0x100A   0x000016       data     static C:\Users\Administrator\Desktop\188-prj\2\obj\SMG.asm
                 _smg_cnt   0x00002c       data     extern C:\Users\Administrator\Desktop\188-prj\2\obj\SMG.asm
             _t_ledCntTab   0x0004e5    program     extern C:\Users\Administrator\Desktop\188-prj\2\obj\SMG.asm
                _SMG_Scan   0x0002ed    program     extern C:\Users\Administrator\Desktop\188-prj\2\obj\SMG.asm
               _00121_DS_   0x00030a    program     static C:\Users\Administrator\Desktop\188-prj\2\obj\SMG.asm
               _00123_DS_   0x00030f    program     static C:\Users\Administrator\Desktop\188-prj\2\obj\SMG.asm
               _00124_DS_   0x000313    program     static C:\Users\Administrator\Desktop\188-prj\2\obj\SMG.asm
               _00126_DS_   0x000318    program     static C:\Users\Administrator\Desktop\188-prj\2\obj\SMG.asm
               _00127_DS_   0x00031c    program     static C:\Users\Administrator\Desktop\188-prj\2\obj\SMG.asm
               _00129_DS_   0x000321    program     static C:\Users\Administrator\Desktop\188-prj\2\obj\SMG.asm
               _00130_DS_   0x000325    program     static C:\Users\Administrator\Desktop\188-prj\2\obj\SMG.asm
               _00132_DS_   0x00032a    program     static C:\Users\Administrator\Desktop\188-prj\2\obj\SMG.asm
               _00133_DS_   0x00032e    program     static C:\Users\Administrator\Desktop\188-prj\2\obj\SMG.asm
               _00135_DS_   0x000333    program     static C:\Users\Administrator\Desktop\188-prj\2\obj\SMG.asm
               _00136_DS_   0x000337    program     static C:\Users\Administrator\Desktop\188-prj\2\obj\SMG.asm
               _00138_DS_   0x00033c    program     static C:\Users\Administrator\Desktop\188-prj\2\obj\SMG.asm
               _00139_DS_   0x000340    program     static C:\Users\Administrator\Desktop\188-prj\2\obj\SMG.asm
               _00141_DS_   0x000345    program     static C:\Users\Administrator\Desktop\188-prj\2\obj\SMG.asm
               _00142_DS_   0x000349    program     static C:\Users\Administrator\Desktop\188-prj\2\obj\SMG.asm
               _00144_DS_   0x00034e    program     static C:\Users\Administrator\Desktop\188-prj\2\obj\SMG.asm
               _00145_DS_   0x000352    program     static C:\Users\Administrator\Desktop\188-prj\2\obj\SMG.asm
               _00147_DS_   0x000357    program     static C:\Users\Administrator\Desktop\188-prj\2\obj\SMG.asm
               _00148_DS_   0x00035b    program     static C:\Users\Administrator\Desktop\188-prj\2\obj\SMG.asm
               _00150_DS_   0x000360    program     static C:\Users\Administrator\Desktop\188-prj\2\obj\SMG.asm
               _00151_DS_   0x000364    program     static C:\Users\Administrator\Desktop\188-prj\2\obj\SMG.asm
               _00153_DS_   0x000369    program     static C:\Users\Administrator\Desktop\188-prj\2\obj\SMG.asm
               _00154_DS_   0x00036d    program     static C:\Users\Administrator\Desktop\188-prj\2\obj\SMG.asm
               _00156_DS_   0x000372    program     static C:\Users\Administrator\Desktop\188-prj\2\obj\SMG.asm
               _00157_DS_   0x000376    program     static C:\Users\Administrator\Desktop\188-prj\2\obj\SMG.asm
               _00159_DS_   0x00037b    program     static C:\Users\Administrator\Desktop\188-prj\2\obj\SMG.asm
               _00160_DS_   0x00037f    program     static C:\Users\Administrator\Desktop\188-prj\2\obj\SMG.asm
               _00162_DS_   0x000384    program     static C:\Users\Administrator\Desktop\188-prj\2\obj\SMG.asm
               _00163_DS_   0x000388    program     static C:\Users\Administrator\Desktop\188-prj\2\obj\SMG.asm
               _00165_DS_   0x00038d    program     static C:\Users\Administrator\Desktop\188-prj\2\obj\SMG.asm
               _00166_DS_   0x000391    program     static C:\Users\Administrator\Desktop\188-prj\2\obj\SMG.asm
               _00168_DS_   0x000396    program     static C:\Users\Administrator\Desktop\188-prj\2\obj\SMG.asm
               _00169_DS_   0x00039a    program     static C:\Users\Administrator\Desktop\188-prj\2\obj\SMG.asm
               _00171_DS_   0x00039f    program     static C:\Users\Administrator\Desktop\188-prj\2\obj\SMG.asm
               _00172_DS_   0x0003a3    program     static C:\Users\Administrator\Desktop\188-prj\2\obj\SMG.asm
               _00174_DS_   0x0003a8    program     static C:\Users\Administrator\Desktop\188-prj\2\obj\SMG.asm
               _00176_DS_   0x0003ab    program     static C:\Users\Administrator\Desktop\188-prj\2\obj\SMG.asm
               _00179_DS_   0x0003b1    program     static C:\Users\Administrator\Desktop\188-prj\2\obj\SMG.asm
             _SMG_Display   0x00044c    program     extern C:\Users\Administrator\Desktop\188-prj\2\obj\SMG.asm
               _00115_DS_   0x00045a    program     static C:\Users\Administrator\Desktop\188-prj\2\obj\SMG.asm
               _00105_DS_   0x00045b    program     static C:\Users\Administrator\Desktop\188-prj\2\obj\SMG.asm
               _00116_DS_   0x000463    program     static C:\Users\Administrator\Desktop\188-prj\2\obj\SMG.asm
               _00110_DS_   0x000467    program     static C:\Users\Administrator\Desktop\188-prj\2\obj\SMG.asm
               _reg_200us   0x000045       data     extern C:\Users\Administrator\Desktop\188-prj\2\obj\ISR.asm
                _reg_10ms   0x000046       data     extern C:\Users\Administrator\Desktop\188-prj\2\obj\ISR.asm
                  _A_Buff   00000000       data     extern C:\Users\Administrator\Desktop\188-prj\2\obj\ISR.asm
                  _S_Buff   0x000001       data     extern C:\Users\Administrator\Desktop\188-prj\2\obj\ISR.asm
                  r0x1004   0x00002e       data     static C:\Users\Administrator\Desktop\188-prj\2\obj\ISR.asm
                  r0x1005   0x00002f       data     static C:\Users\Administrator\Desktop\188-prj\2\obj\ISR.asm
         __sdcc_interrupt   0x000003    program     static C:\Users\Administrator\Desktop\188-prj\2\obj\ISR.asm
                 _int_isr   0x000003    program     extern C:\Users\Administrator\Desktop\188-prj\2\obj\ISR.asm
               _00106_DS_   0x00001f    program     static C:\Users\Administrator\Desktop\188-prj\2\obj\ISR.asm
               _00108_DS_   0x000026    program     static C:\Users\Administrator\Desktop\188-prj\2\obj\ISR.asm
               _00130_DS_   0x00002b    program     static C:\Users\Administrator\Desktop\188-prj\2\obj\ISR.asm
               _00109_DS_   0x000033    program     static C:\Users\Administrator\Desktop\188-prj\2\obj\ISR.asm
               _00113_DS_   0x000034    program     static C:\Users\Administrator\Desktop\188-prj\2\obj\ISR.asm
         END_OF_INTERRUPT   0x00003c    program     static C:\Users\Administrator\Desktop\188-prj\2\obj\ISR.asm
               _ADC_value   0x000030       data     extern C:\Users\Administrator\Desktop\188-prj\2\obj\ADC.asm
                  r0x1002   0x000002       data     static C:\Users\Administrator\Desktop\188-prj\2\obj\ADC.asm
                  r0x1003   0x000003       data     static C:\Users\Administrator\Desktop\188-prj\2\obj\ADC.asm
                  r0x1004   0x000004       data     static C:\Users\Administrator\Desktop\188-prj\2\obj\ADC.asm
                  r0x1005   0x000005       data     static C:\Users\Administrator\Desktop\188-prj\2\obj\ADC.asm
                  r0x1006   0x000006       data     static C:\Users\Administrator\Desktop\188-prj\2\obj\ADC.asm
                  r0x1007   0x000007       data     static C:\Users\Administrator\Desktop\188-prj\2\obj\ADC.asm
                  r0x1008   0x000008       data     static C:\Users\Administrator\Desktop\188-prj\2\obj\ADC.asm
                  r0x1009   0x000009       data     static C:\Users\Administrator\Desktop\188-prj\2\obj\ADC.asm
                  r0x100A   0x00000a       data     static C:\Users\Administrator\Desktop\188-prj\2\obj\ADC.asm
                  r0x100B   0x00000b       data     static C:\Users\Administrator\Desktop\188-prj\2\obj\ADC.asm
                  r0x100C   0x00000c       data     static C:\Users\Administrator\Desktop\188-prj\2\obj\ADC.asm
                  r0x100D   0x00000d       data     static C:\Users\Administrator\Desktop\188-prj\2\obj\ADC.asm
                  r0x100E   0x00000e       data     static C:\Users\Administrator\Desktop\188-prj\2\obj\ADC.asm
                  r0x100F   0x00000f       data     static C:\Users\Administrator\Desktop\188-prj\2\obj\ADC.asm
                  r0x1010   0x000010       data     static C:\Users\Administrator\Desktop\188-prj\2\obj\ADC.asm
            _ADC_GetValue   0x000157    program     extern C:\Users\Administrator\Desktop\188-prj\2\obj\ADC.asm
               _00114_DS_   0x00016b    program     static C:\Users\Administrator\Desktop\188-prj\2\obj\ADC.asm
               _00106_DS_   0x000170    program     static C:\Users\Administrator\Desktop\188-prj\2\obj\ADC.asm
               _00108_DS_   0x000181    program     static C:\Users\Administrator\Desktop\188-prj\2\obj\ADC.asm
               _00137_DS_   0x00019f    program     static C:\Users\Administrator\Desktop\188-prj\2\obj\ADC.asm
               _00110_DS_   0x0001a5    program     static C:\Users\Administrator\Desktop\188-prj\2\obj\ADC.asm
               _00138_DS_   0x0001ab    program     static C:\Users\Administrator\Desktop\188-prj\2\obj\ADC.asm
               _00112_DS_   0x0001b1    program     static C:\Users\Administrator\Desktop\188-prj\2\obj\ADC.asm
              _r_g_batVal   0x000047       data     extern C:\Users\Administrator\Desktop\188-prj\2\obj\BAT.asm
            _r_gbatvalsum   0x000032       data     extern C:\Users\Administrator\Desktop\188-prj\2\obj\BAT.asm
            _r_gbatvalcnt   0x000048       data     extern C:\Users\Administrator\Desktop\188-prj\2\obj\BAT.asm
                  _r_buff   0x000049       data     extern C:\Users\Administrator\Desktop\188-prj\2\obj\BAT.asm
                _adcValue   0x000034       data     extern C:\Users\Administrator\Desktop\188-prj\2\obj\BAT.asm
     _r_g_batValChangeCnt   0x00004a       data     extern C:\Users\Administrator\Desktop\188-prj\2\obj\BAT.asm
        _r_g_batValAddCnt   0x00004b       data     extern C:\Users\Administrator\Desktop\188-prj\2\obj\BAT.asm
        _r_g_batValDecCnt   0x00004c       data     extern C:\Users\Administrator\Desktop\188-prj\2\obj\BAT.asm
        _r_g_batValAddShk   0x000036       data     extern C:\Users\Administrator\Desktop\188-prj\2\obj\BAT.asm
        _r_g_batValDecShk   0x000038       data     extern C:\Users\Administrator\Desktop\188-prj\2\obj\BAT.asm
  _r_g_batValChangeShkSet   0x00003a       data     extern C:\Users\Administrator\Desktop\188-prj\2\obj\BAT.asm
                  r0x1012   0x000017       data     static C:\Users\Administrator\Desktop\188-prj\2\obj\BAT.asm
                  r0x1013   0x000018       data     static C:\Users\Administrator\Desktop\188-prj\2\obj\BAT.asm
                  r0x1014   0x000019       data     static C:\Users\Administrator\Desktop\188-prj\2\obj\BAT.asm
                  r0x1015   0x00001a       data     static C:\Users\Administrator\Desktop\188-prj\2\obj\BAT.asm
                  r0x1017   0x00001b       data     static C:\Users\Administrator\Desktop\188-prj\2\obj\BAT.asm
                  r0x1018   0x00001c       data     static C:\Users\Administrator\Desktop\188-prj\2\obj\BAT.asm
          _t_tabBatValTab   0x000222    program     extern C:\Users\Administrator\Desktop\188-prj\2\obj\BAT.asm
            _sw_adcBatVal   0x00003d    program     extern C:\Users\Administrator\Desktop\188-prj\2\obj\BAT.asm
               _00111_DS_   0x000047    program     static C:\Users\Administrator\Desktop\188-prj\2\obj\BAT.asm
               _00264_DS_   0x000051    program     static C:\Users\Administrator\Desktop\188-prj\2\obj\BAT.asm
               _00265_DS_   0x000062    program     static C:\Users\Administrator\Desktop\188-prj\2\obj\BAT.asm
               _00108_DS_   0x000067    program     static C:\Users\Administrator\Desktop\188-prj\2\obj\BAT.asm
               _00112_DS_   0x00006a    program     static C:\Users\Administrator\Desktop\188-prj\2\obj\BAT.asm
               _00114_DS_   0x000070    program     static C:\Users\Administrator\Desktop\188-prj\2\obj\BAT.asm
               _00267_DS_   0x000097    program     static C:\Users\Administrator\Desktop\188-prj\2\obj\BAT.asm
               _00116_DS_   0x00009c    program     static C:\Users\Administrator\Desktop\188-prj\2\obj\BAT.asm
               _00168_DS_   0x0000aa    program     static C:\Users\Administrator\Desktop\188-prj\2\obj\BAT.asm
               _00268_DS_   0x0000b3    program     static C:\Users\Administrator\Desktop\188-prj\2\obj\BAT.asm
               _00164_DS_   0x0000b7    program     static C:\Users\Administrator\Desktop\188-prj\2\obj\BAT.asm
               _00270_DS_   0x0000c5    program     static C:\Users\Administrator\Desktop\188-prj\2\obj\BAT.asm
               _00120_DS_   0x0000c9    program     static C:\Users\Administrator\Desktop\188-prj\2\obj\BAT.asm
               _00271_DS_   0x0000cf    program     static C:\Users\Administrator\Desktop\188-prj\2\obj\BAT.asm
               _00131_DS_   0x0000d3    program     static C:\Users\Administrator\Desktop\188-prj\2\obj\BAT.asm
               _00127_DS_   0x0000e2    program     static C:\Users\Administrator\Desktop\188-prj\2\obj\BAT.asm
               _00128_DS_   0x0000ee    program     static C:\Users\Administrator\Desktop\188-prj\2\obj\BAT.asm
               _00132_DS_   0x0000f1    program     static C:\Users\Administrator\Desktop\188-prj\2\obj\BAT.asm
               _00139_DS_   0x0000fd    program     static C:\Users\Administrator\Desktop\188-prj\2\obj\BAT.asm
               _00134_DS_   0x000109    program     static C:\Users\Administrator\Desktop\188-prj\2\obj\BAT.asm
               _00140_DS_   0x00010c    program     static C:\Users\Administrator\Desktop\188-prj\2\obj\BAT.asm
               _00145_DS_   0x000116    program     static C:\Users\Administrator\Desktop\188-prj\2\obj\BAT.asm
               _00276_DS_   0x00011f    program     static C:\Users\Administrator\Desktop\188-prj\2\obj\BAT.asm
               _00158_DS_   0x000129    program     static C:\Users\Administrator\Desktop\188-prj\2\obj\BAT.asm
               _00279_DS_   0x00013c    program     static C:\Users\Administrator\Desktop\188-prj\2\obj\BAT.asm
               _00155_DS_   0x000146    program     static C:\Users\Administrator\Desktop\188-prj\2\obj\BAT.asm
               _00159_DS_   0x00014a    program     static C:\Users\Administrator\Desktop\188-prj\2\obj\BAT.asm
               _00172_DS_   0x000156    program     static C:\Users\Administrator\Desktop\188-prj\2\obj\BAT.asm
           _file_tc0_Init   0x000001    program     extern C:\Users\Administrator\Desktop\188-prj\2\obj\INIT.asm
               _file_init   0x0004a5    program     extern C:\Users\Administrator\Desktop\188-prj\2\obj\INIT.asm
             _file_clrRam   0x0004f1    program     extern C:\Users\Administrator\Desktop\188-prj\2\obj\INIT.asm
               _00107_DS_   0x0004f3    program     static C:\Users\Administrator\Desktop\188-prj\2\obj\INIT.asm
               _00105_DS_   0x0004fa    program     static C:\Users\Administrator\Desktop\188-prj\2\obj\INIT.asm
            _s_charge_cnt   0x00004d       data     extern C:\Users\Administrator\Desktop\188-prj\2\obj\MODE.asm
       _s_charge_full_cnt   0x00004e       data     extern C:\Users\Administrator\Desktop\188-prj\2\obj\MODE.asm
               _s_key_cnt   0x00004f       data     extern C:\Users\Administrator\Desktop\188-prj\2\obj\MODE.asm
               _key_state   0x000050       data     extern C:\Users\Administrator\Desktop\188-prj\2\obj\MODE.asm
                _key_last   0x000051       data     extern C:\Users\Administrator\Desktop\188-prj\2\obj\MODE.asm
                  r0x1007   0x000052       data     static C:\Users\Administrator\Desktop\188-prj\2\obj\MODE.asm
              _Mode_Check   0x00040e    program     extern C:\Users\Administrator\Desktop\188-prj\2\obj\MODE.asm
               _00108_DS_   0x000419    program     static C:\Users\Administrator\Desktop\188-prj\2\obj\MODE.asm
               _00109_DS_   0x00041b    program     static C:\Users\Administrator\Desktop\188-prj\2\obj\MODE.asm
               _00113_DS_   0x000428    program     static C:\Users\Administrator\Desktop\188-prj\2\obj\MODE.asm
               _00114_DS_   0x00042a    program     static C:\Users\Administrator\Desktop\188-prj\2\obj\MODE.asm
               _00118_DS_   0x000434    program     static C:\Users\Administrator\Desktop\188-prj\2\obj\MODE.asm
               _00119_DS_   0x000436    program     static C:\Users\Administrator\Desktop\188-prj\2\obj\MODE.asm
               _00125_DS_   0x000446    program     static C:\Users\Administrator\Desktop\188-prj\2\obj\MODE.asm
               _00126_DS_   0x000447    program     static C:\Users\Administrator\Desktop\188-prj\2\obj\MODE.asm
               _00121_DS_   0x000449    program     static C:\Users\Administrator\Desktop\188-prj\2\obj\MODE.asm
               _sleep_cnt   0x00003c       data     extern C:\Users\Administrator\Desktop\188-prj\2\obj\SLEEP.asm
              _sleep_scan   0x000479    program     extern C:\Users\Administrator\Desktop\188-prj\2\obj\SLEEP.asm
               _00108_DS_   0x0004a3    program     static C:\Users\Administrator\Desktop\188-prj\2\obj\SLEEP.asm
               _00112_DS_   0x0004a4    program     static C:\Users\Administrator\Desktop\188-prj\2\obj\SLEEP.asm
                 _RSRbits   0x000180       data     extern jz8p2615.asm
                     _RSR   0x000180       data     extern jz8p2615.asm
                 _PCHbits   0x000181       data     extern jz8p2615.asm
                     _PCH   0x000181       data     extern jz8p2615.asm
                 _PCLbits   0x000182       data     extern jz8p2615.asm
                     _PCL   0x000182       data     extern jz8p2615.asm
              _STATUSbits   0x000183       data     extern jz8p2615.asm
                  _STATUS   0x000183       data     extern jz8p2615.asm
              _TC0CONbits   0x000184       data     extern jz8p2615.asm
                  _TC0CON   0x000184       data     extern jz8p2615.asm
                _TC0Cbits   0x000185       data     extern jz8p2615.asm
                    _TC0C   0x000185       data     extern jz8p2615.asm
               _TBRDHbits   0x000186       data     extern jz8p2615.asm
                   _TBRDH   0x000186       data     extern jz8p2615.asm
               _TBRDLbits   0x000187       data     extern jz8p2615.asm
                   _TBRDL   0x000187       data     extern jz8p2615.asm
              _CPUCONbits   0x000188       data     extern jz8p2615.asm
                  _CPUCON   0x000188       data     extern jz8p2615.asm
             _IHRCCALbits   0x000189       data     extern jz8p2615.asm
                 _IHRCCAL   0x000189       data     extern jz8p2615.asm
               _PORT5bits   0x00018a       data     extern jz8p2615.asm
                   _PORT5   0x00018a       data     extern jz8p2615.asm
               _PORT6bits   0x00018b       data     extern jz8p2615.asm
                   _PORT6   0x00018b       data     extern jz8p2615.asm
               _P5CONbits   0x00018d       data     extern jz8p2615.asm
                   _P5CON   0x00018d       data     extern jz8p2615.asm
               _P6CONbits   0x00018e       data     extern jz8p2615.asm
                   _P6CON   0x00018e       data     extern jz8p2615.asm
                _P5PHbits   0x000190       data     extern jz8p2615.asm
                    _P5PH   0x000190       data     extern jz8p2615.asm
                _P6PHbits   0x000191       data     extern jz8p2615.asm
                    _P6PH   0x000191       data     extern jz8p2615.asm
                _P5PDbits   0x000193       data     extern jz8p2615.asm
                    _P5PD   0x000193       data     extern jz8p2615.asm
                _P6PDbits   0x000194       data     extern jz8p2615.asm
                    _P6PD   0x000194       data     extern jz8p2615.asm
                _P6ODbits   0x000199       data     extern jz8p2615.asm
                    _P6OD   0x000199       data     extern jz8p2615.asm
                _P6WDbits   0x00019a       data     extern jz8p2615.asm
                    _P6WD   0x00019a       data     extern jz8p2615.asm
               _P5IWEbits   0x00019c       data     extern jz8p2615.asm
                   _P5IWE   0x00019c       data     extern jz8p2615.asm
               _P6IWEbits   0x00019d       data     extern jz8p2615.asm
                   _P6IWE   0x00019d       data     extern jz8p2615.asm
               _P5ADEbits   0x0001a0       data     extern jz8p2615.asm
                   _P5ADE   0x0001a0       data     extern jz8p2615.asm
               _P6ADEbits   0x0001a1       data     extern jz8p2615.asm
                   _P6ADE   0x0001a1       data     extern jz8p2615.asm
               _ADATHbits   0x0001a3       data     extern jz8p2615.asm
                   _ADATH   0x0001a3       data     extern jz8p2615.asm
               _ADATLbits   0x0001a4       data     extern jz8p2615.asm
                   _ADATL   0x0001a4       data     extern jz8p2615.asm
                _ADISbits   0x0001a5       data     extern jz8p2615.asm
                    _ADIS   0x0001a5       data     extern jz8p2615.asm
              _ADCON0bits   0x0001a6       data     extern jz8p2615.asm
                  _ADCON0   0x0001a6       data     extern jz8p2615.asm
              _ADCON1bits   0x0001a7       data     extern jz8p2615.asm
                  _ADCON1   0x0001a7       data     extern jz8p2615.asm
              _WDTCONbits   0x0001af       data     extern jz8p2615.asm
                  _WDTCON   0x0001af       data     extern jz8p2615.asm
              _TC1CONbits   0x0001b0       data     extern jz8p2615.asm
                  _TC1CON   0x0001b0       data     extern jz8p2615.asm
             _TC1PRDLbits   0x0001b1       data     extern jz8p2615.asm
                 _TC1PRDL   0x0001b1       data     extern jz8p2615.asm
             _PWM1DTLbits   0x0001b2       data     extern jz8p2615.asm
                 _PWM1DTL   0x0001b2       data     extern jz8p2615.asm
            _TC1PRDTHbits   0x0001b3       data     extern jz8p2615.asm
                _TC1PRDTH   0x0001b3       data     extern jz8p2615.asm
               _TC1CHbits   0x0001b4       data     extern jz8p2615.asm
                   _TC1CH   0x0001b4       data     extern jz8p2615.asm
               _TC1CLbits   0x0001b5       data     extern jz8p2615.asm
                   _TC1CL   0x0001b5       data     extern jz8p2615.asm
              _TC2CONbits   0x0001b6       data     extern jz8p2615.asm
                  _TC2CON   0x0001b6       data     extern jz8p2615.asm
             _TC2PRDLbits   0x0001b7       data     extern jz8p2615.asm
                 _TC2PRDL   0x0001b7       data     extern jz8p2615.asm
             _PWM2DTLbits   0x0001b8       data     extern jz8p2615.asm
                 _PWM2DTL   0x0001b8       data     extern jz8p2615.asm
            _TC2PRDTHbits   0x0001b9       data     extern jz8p2615.asm
                _TC2PRDTH   0x0001b9       data     extern jz8p2615.asm
               _TC2CHbits   0x0001ba       data     extern jz8p2615.asm
                   _TC2CH   0x0001ba       data     extern jz8p2615.asm
               _TC2CLbits   0x0001bb       data     extern jz8p2615.asm
                   _TC2CL   0x0001bb       data     extern jz8p2615.asm
             _PWM3DTHbits   0x0001bc       data     extern jz8p2615.asm
                 _PWM3DTH   0x0001bc       data     extern jz8p2615.asm
             _PWM3DTLbits   0x0001bd       data     extern jz8p2615.asm
                 _PWM3DTL   0x0001bd       data     extern jz8p2615.asm
             _PWM4DTHbits   0x0001be       data     extern jz8p2615.asm
                 _PWM4DTH   0x0001be       data     extern jz8p2615.asm
             _PWM4DTLbits   0x0001bf       data     extern jz8p2615.asm
                 _PWM4DTL   0x0001bf       data     extern jz8p2615.asm
               _PWMISbits   0x0001c6       data     extern jz8p2615.asm
                   _PWMIS   0x0001c6       data     extern jz8p2615.asm
             _DEADCONbits   0x0001c7       data     extern jz8p2615.asm
                 _DEADCON   0x0001c7       data     extern jz8p2615.asm
              _PWMCONbits   0x0001c8       data     extern jz8p2615.asm
                  _PWMCON   0x0001c8       data     extern jz8p2615.asm
              _DEADT0bits   0x0001c9       data     extern jz8p2615.asm
                  _DEADT0   0x0001c9       data     extern jz8p2615.asm
              _DEADT1bits   0x0001ca       data     extern jz8p2615.asm
                  _DEADT1   0x0001ca       data     extern jz8p2615.asm
               _INTE0bits   0x0001d6       data     extern jz8p2615.asm
                   _INTE0   0x0001d6       data     extern jz8p2615.asm
               _INTE1bits   0x0001d7       data     extern jz8p2615.asm
                   _INTE1   0x0001d7       data     extern jz8p2615.asm
               _INTF0bits   0x0001da       data     extern jz8p2615.asm
                   _INTF0   0x0001da       data     extern jz8p2615.asm
               _INTF1bits   0x0001db       data     extern jz8p2615.asm
                   _INTF1   0x0001db       data     extern jz8p2615.asm
                 _IARbits   0x0001ff       data     extern jz8p2615.asm
                     _IAR   0x0001ff       data     extern jz8p2615.asm
                  r0x1000   0x000027       data     static _mulchar.asm
                  r0x1001   0x000028       data     static _mulchar.asm
                  r0x1002   0x000029       data     static _mulchar.asm
                  r0x1003   0x00002a       data     static _mulchar.asm
                  r0x1004   0x00002b       data     static _mulchar.asm
                __mulchar   0x0004be    program     extern _mulchar.asm
               _00119_DS_   0x0004c4    program     static _mulchar.asm
               _00114_DS_   0x0004c8    program     static _mulchar.asm
                   _cinit   0x0004d7    program     extern  
 
